AR programcounter behavioral C:/Users/manuel/Desktop/ArqComp2-2017/ArqComp2_2017/procesador1/ProgramCounter.vhd sub00/vhpl02 1507651339
EN resgisterfile NULL "C:/Users/utp/Downloads/Nueva carpeta/ArqComp2_2017-master/procesador3/procesador3/resgisterfile.vhd" sub00/vhpl08 1508239067
AR instructionmemory arqinstructionmemory C:/Users/manuel/Desktop/ArqComp2-2017/ArqComp2_2017/procesador3/IM.vhd sub00/vhpl07 1508451647
AR procesador2 arq_procesador2 C:/Users/manuel/Desktop/ArqComp2-2017/procesador1/Procesador2.vhd sub00/vhpl18 1507646229
AR mux behavioral "C:/Users/utp/Downloads/Nueva carpeta/ArqComp2_2017-master/procesador3/procesador3/remote_sources/_/_/_/_/Downloads/Nueva carpeta (3)/ArqComp2-2017-master/procesador2/MUX.vhd" sub00/vhpl16 1508239070
EN psr NULL "C:/Users/utp/Downloads/Nueva carpeta/ArqComp2_2017-master/procesador3/procesador3/PSR.vhd" sub00/vhpl23 1508239075
EN seu NULL "C:/Users/utp/Downloads/Nueva carpeta/ArqComp2_2017-master/procesador3/procesador3/SEU.vhd" sub00/vhpl13 1508239071
AR sumador arq_sumador "C:/Users/manuel/Downloads/Nueva carpeta (3)/ArqComp2-2017-master/procesador1/sumador.vhd" sub00/vhpl19 1507654518
AR psrmd behavioral "C:/Users/utp/Downloads/Nueva carpeta/ArqComp2_2017-master/procesador3/procesador3/PSRmd.vhd" sub00/vhpl26 1508239074
EN psrmd NULL "C:/Users/utp/Downloads/Nueva carpeta/ArqComp2_2017-master/procesador3/procesador3/PSRmd.vhd" sub00/vhpl25 1508239073
AR seu behavioral "C:/Users/utp/Downloads/Nueva carpeta/ArqComp2_2017-master/procesador3/procesador3/SEU.vhd" sub00/vhpl14 1508239072
AR sumador behavioral "C:/Users/utp/Downloads/Nueva carpeta/ArqComp2_2017-master/procesador3/procesador3/sumador.vhd" sub00/vhpl05 1508239060
AR procesador2 behavioral "C:/Users/utp/Downloads/Nueva carpeta/ArqComp2_2017-master/procesador3/procesador3/procesador2.vhd" sub00/vhpl22 1508239080
AR nextprogramcounter behavioral "C:/Users/utp/Downloads/Nueva carpeta/ArqComp2_2017-master/procesador3/procesador3/nexPC.vhd" sub00/vhpl21 1508239062
EN procesador2 NULL "C:/Users/utp/Downloads/Nueva carpeta/ArqComp2_2017-master/procesador3/procesador3/procesador2.vhd" sub00/vhpl17 1508239079
AR psr behavioral "C:/Users/utp/Downloads/Nueva carpeta/ArqComp2_2017-master/procesador3/procesador3/PSR.vhd" sub00/vhpl24 1508239076
EN programcounter NULL C:/Users/manuel/Desktop/ArqComp2-2017/ArqComp2_2017/procesador1/ProgramCounter.vhd sub00/vhpl01 1507651338
EN instructionmemory NULL C:/Users/manuel/Desktop/ArqComp2-2017/ArqComp2_2017/procesador3/IM.vhd sub00/vhpl06 1508451646
EN nextprogramcounter NULL "C:/Users/utp/Downloads/Nueva carpeta/ArqComp2_2017-master/procesador3/procesador3/nexPC.vhd" sub00/vhpl20 1508239061
EN mux NULL "C:/Users/utp/Downloads/Nueva carpeta/ArqComp2_2017-master/procesador3/procesador3/remote_sources/_/_/_/_/Downloads/Nueva carpeta (3)/ArqComp2-2017-master/procesador2/MUX.vhd" sub00/vhpl15 1508239069
AR alu behavioral "C:/Users/utp/Downloads/Nueva carpeta/ArqComp2_2017-master/procesador3/procesador3/Alu.vhd" sub00/vhpl12 1508239078
EN u_control NULL "C:/Users/utp/Downloads/Nueva carpeta/ArqComp2_2017-master/procesador3/procesador3/U_control.vhd" sub00/vhpl10 1508239065
EN sumador NULL "C:/Users/utp/Downloads/Nueva carpeta/ArqComp2_2017-master/procesador3/procesador3/sumador.vhd" sub00/vhpl04 1508239059
AR u_control behavioral "C:/Users/utp/Downloads/Nueva carpeta/ArqComp2_2017-master/procesador3/procesador3/U_control.vhd" sub00/vhpl11 1508239066
EN registerfile NULL F:/procesador1/RegisterFile.vhd sub00/vhpl03 1506992621
EN alu NULL "C:/Users/utp/Downloads/Nueva carpeta/ArqComp2_2017-master/procesador3/procesador3/Alu.vhd" sub00/vhpl00 1508239077
AR resgisterfile behavioral "C:/Users/utp/Downloads/Nueva carpeta/ArqComp2_2017-master/procesador3/procesador3/resgisterfile.vhd" sub00/vhpl09 1508239068
