V3 117
FL C:/Users/manuel/Desktop/ArqComp2-2017/ArqComp2_2017/procesador1/Alu.vhd 2017/10/10.09:05:07 P.20131013
FL C:/Users/manuel/Desktop/ArqComp2-2017/ArqComp2_2017/procesador1/IM.vhd 2017/10/10.14:58:42 P.20131013
FL C:/Users/manuel/Desktop/ArqComp2-2017/ArqComp2_2017/procesador1/Mux.vhd 2017/10/09.09:29:39 P.20131013
FL C:/Users/manuel/Desktop/ArqComp2-2017/ArqComp2_2017/procesador1/nexPC.vhd 2017/10/10.13:13:39 P.20131013
FL C:/Users/manuel/Desktop/ArqComp2-2017/ArqComp2_2017/procesador1/procesador2.vhd 2017/10/10.14:52:57 P.20131013
FL C:/Users/manuel/Desktop/ArqComp2-2017/ArqComp2_2017/procesador1/ProgramCounter.vhd 2017/10/02.19:44:28 P.20131013
EN work/ProgramCounter 1507651338 \
      FL C:/Users/manuel/Desktop/ArqComp2-2017/ArqComp2_2017/procesador1/ProgramCounter.vhd \
      PB ieee/std_logic_1164 1381692176
AR work/ProgramCounter/Behavioral 1507651339 \
      FL C:/Users/manuel/Desktop/ArqComp2-2017/ArqComp2_2017/procesador1/ProgramCounter.vhd \
      EN work/ProgramCounter 1507651338
FL C:/Users/manuel/Desktop/ArqComp2-2017/ArqComp2_2017/procesador1/resgisterfile.vhd 2017/10/10.12:05:16 P.20131013
FL C:/Users/manuel/Desktop/ArqComp2-2017/ArqComp2_2017/procesador1/SEU.vhd 2017/10/05.19:46:09 P.20131013
FL C:/Users/manuel/Desktop/ArqComp2-2017/ArqComp2_2017/procesador1/sumador.vhd 2017/10/10.14:30:05 P.20131013
FL C:/Users/manuel/Desktop/ArqComp2-2017/ArqComp2_2017/procesador1/U_control.vhd 2017/10/10.09:00:05 P.20131013
FL C:/Users/manuel/Desktop/ArqComp2-2017/ArqComp2_2017/procesador3/IM.vhd 2017/10/16.22:01:46 P.20131013
EN work/instructionMemory 1508451646 \
      FL C:/Users/manuel/Desktop/ArqComp2-2017/ArqComp2_2017/procesador3/IM.vhd \
      PB ieee/std_logic_1164 1381692176 PB ieee/STD_LOGIC_UNSIGNED 1381692179 \
      PB std/TEXTIO 1381692176
AR work/instructionMemory/arqInstructionMemory 1508451647 \
      FL C:/Users/manuel/Desktop/ArqComp2-2017/ArqComp2_2017/procesador3/IM.vhd \
      EN work/instructionMemory 1508451646
FL C:/Users/manuel/Desktop/ArqComp2-2017/ArqComp2_2017/procesador3/procesador3/Alu.vhd 2017/10/10.09:05:07 P.20131013
FL C:/Users/manuel/Desktop/ArqComp2-2017/ArqComp2_2017/procesador3/procesador3/IM.vhd 2017/10/10.14:58:42 P.20131013
FL C:/Users/manuel/Desktop/ArqComp2-2017/ArqComp2_2017/procesador3/procesador3/nexPC.vhd 2017/10/10.13:13:39 P.20131013
FL C:/Users/manuel/Desktop/ArqComp2-2017/ArqComp2_2017/procesador3/procesador3/procesador2.vhd 2017/10/16.21:05:35 P.20131013
FL C:/Users/manuel/Desktop/ArqComp2-2017/ArqComp2_2017/procesador3/procesador3/PSR.vhd 2017/10/16.21:11:07 P.20131013
FL "C:/Users/manuel/Desktop/ArqComp2-2017/ArqComp2_2017/procesador3/procesador3/remote_sources/_/_/_/_/Downloads/Nueva carpeta (3)/ArqComp2-2017-master/procesador2/MUX.vhd" 2017/10/10.11:34:30 P.20131013
FL C:/Users/manuel/Desktop/ArqComp2-2017/ArqComp2_2017/procesador3/procesador3/resgisterfile.vhd 2017/10/10.12:05:16 P.20131013
FL C:/Users/manuel/Desktop/ArqComp2-2017/ArqComp2_2017/procesador3/procesador3/SEU.vhd 2017/10/05.19:46:09 P.20131013
FL C:/Users/manuel/Desktop/ArqComp2-2017/ArqComp2_2017/procesador3/procesador3/sumador.vhd 2017/10/10.14:30:05 P.20131013
FL C:/Users/manuel/Desktop/ArqComp2-2017/ArqComp2_2017/procesador3/procesador3/U_control.vhd 2017/10/10.09:00:05 P.20131013
FL C:/Users/manuel/Desktop/ArqComp2-2017/ArqComp2_2017/proyecto_procesador/procesador1/Alu.vhd 2017/10/03.15:50:49 P.20131013
FL C:/Users/manuel/Desktop/ArqComp2-2017/ArqComp2_2017/proyecto_procesador/procesador1/IM.vhd 2017/10/10.00:09:27 P.20131013
FL C:/Users/manuel/Desktop/ArqComp2-2017/ArqComp2_2017/proyecto_procesador/procesador1/Mux.vhd 2017/10/09.09:29:39 P.20131013
FL C:/Users/manuel/Desktop/ArqComp2-2017/ArqComp2_2017/proyecto_procesador/procesador1/Procesador2.vhd 2017/10/09.23:22:18 P.20131013
FL C:/Users/manuel/Desktop/ArqComp2-2017/ArqComp2_2017/proyecto_procesador/procesador1/ProgramCounter.vhd 2017/10/02.19:44:28 P.20131013
FL C:/Users/manuel/Desktop/ArqComp2-2017/ArqComp2_2017/proyecto_procesador/procesador1/resgisterfile.vhd 2017/10/09.08:47:48 P.20131013
FL C:/Users/manuel/Desktop/ArqComp2-2017/ArqComp2_2017/proyecto_procesador/procesador1/SEU.vhd 2017/10/05.19:46:09 P.20131013
FL C:/Users/manuel/Desktop/ArqComp2-2017/ArqComp2_2017/proyecto_procesador/procesador1/sumador.vhd 2017/10/02.20:15:06 P.20131013
FL C:/Users/manuel/Desktop/ArqComp2-2017/ArqComp2_2017/proyecto_procesador/procesador1/U_control.vhd 2017/10/02.21:29:08 P.20131013
FL C:/Users/manuel/Desktop/ArqComp2-2017/procesador1/Alu.vhd 2017/10/10.09:05:07 P.20131013
FL C:/Users/manuel/Desktop/ArqComp2-2017/procesador1/IM.vhd 2017/10/10.09:52:06 P.20131013
FL C:/Users/manuel/Desktop/ArqComp2-2017/procesador1/Mux.vhd 2017/10/09.09:29:39 P.20131013
FL C:/Users/manuel/Desktop/ArqComp2-2017/procesador1/Procesador2.vhd 2017/10/10.00:52:05 P.20131013
AR work/Procesador2/arq_procesador2 -1 \
      FL C:/Users/manuel/Desktop/ArqComp2-2017/procesador1/Procesador2.vhd \
      EN work/Procesador2 1508239079 CP sumador CP ProgramCounter \
      CP instructionMemory CP U_control CP resgisterfile CP Mux CP SEU CP Alu
FL C:/Users/manuel/Desktop/ArqComp2-2017/procesador1/ProgramCounter.vhd 2017/10/02.19:44:28 P.20131013
FL C:/Users/manuel/Desktop/ArqComp2-2017/procesador1/resgisterfile.vhd 2017/10/09.08:47:48 P.20131013
FL C:/Users/manuel/Desktop/ArqComp2-2017/procesador1/SEU.vhd 2017/10/05.19:46:09 P.20131013
FL C:/Users/manuel/Desktop/ArqComp2-2017/procesador1/sumador.vhd 2017/10/02.20:15:06 P.20131013
FL C:/Users/manuel/Desktop/ArqComp2-2017/procesador1/U_control.vhd 2017/10/10.09:00:05 P.20131013
FL C:/Users/manuel/Desktop/procesador1/Alu.vhd 2017/10/03.15:50:49 P.20131013
FL C:/Users/manuel/Desktop/procesador1/IM.vhd 2017/10/10.08:41:41 P.20131013
FL C:/Users/manuel/Desktop/procesador1/Mux.vhd 2017/10/09.09:29:39 P.20131013
FL C:/Users/manuel/Desktop/procesador1/Procesador2.vhd 2017/10/10.00:52:05 P.20131013
FL C:/Users/manuel/Desktop/procesador1/ProgramCounter.vhd 2017/10/02.19:44:28 P.20131013
FL C:/Users/manuel/Desktop/procesador1/resgisterfile.vhd 2017/10/09.08:47:48 P.20131013
FL C:/Users/manuel/Desktop/procesador1/SEU.vhd 2017/10/05.19:46:09 P.20131013
FL C:/Users/manuel/Desktop/procesador1/sumador.vhd 2017/10/02.20:15:06 P.20131013
FL C:/Users/manuel/Desktop/procesador1/U_control.vhd 2017/10/02.21:29:08 P.20131013
FL C:/Users/manuel/Desktop/proyecto_procesador/procesador1/Alu.vhd 2017/10/03.15:50:49 P.20131013
FL C:/Users/manuel/Desktop/proyecto_procesador/procesador1/IM.vhd 2017/10/09.20:38:16 P.20131013
FL C:/Users/manuel/Desktop/proyecto_procesador/procesador1/Mux.vhd 2017/10/09.09:29:39 P.20131013
FL C:/Users/manuel/Desktop/proyecto_procesador/procesador1/Procesador2.vhd 2017/10/09.13:58:15 P.20131013
FL C:/Users/manuel/Desktop/proyecto_procesador/procesador1/ProgramCounter.vhd 2017/10/02.19:44:28 P.20131013
FL C:/Users/manuel/Desktop/proyecto_procesador/procesador1/resgisterfile.vhd 2017/10/09.08:47:48 P.20131013
FL C:/Users/manuel/Desktop/proyecto_procesador/procesador1/SEU.vhd 2017/10/05.19:46:09 P.20131013
FL C:/Users/manuel/Desktop/proyecto_procesador/procesador1/sumador.vhd 2017/10/02.20:15:06 P.20131013
FL C:/Users/manuel/Desktop/proyecto_procesador/procesador1/U_control.vhd 2017/10/02.21:29:08 P.20131013
FL "C:/Users/manuel/Downloads/Nueva carpeta (3)/ArqComp2-2017-master/procesador1/sumador.vhd" 2017/10/10.11:55:10 P.20131013
AR work/sumador/arq_sumador -1 \
      FL "C:/Users/manuel/Downloads/Nueva carpeta (3)/ArqComp2-2017-master/procesador1/sumador.vhd" \
      EN work/sumador 1508239059
FL "C:/Users/manuel/Downloads/Nueva carpeta (3)/ArqComp2-2017-master/procesador2/MUX.vhd" 2017/10/10.11:34:30 P.20131013
FL "C:/Users/utp/Downloads/Nueva carpeta/ArqComp2_2017-master/procesador3/procesador3/Alu.vhd" 2017/10/17.06:06:34 P.20131013
EN work/Alu 1508239077 \
      FL "C:/Users/utp/Downloads/Nueva carpeta/ArqComp2_2017-master/procesador3/procesador3/Alu.vhd" \
      PB ieee/std_logic_1164 1381692176 PB ieee/STD_LOGIC_UNSIGNED 1381692179
AR work/Alu/Behavioral 1508239078 \
      FL "C:/Users/utp/Downloads/Nueva carpeta/ArqComp2_2017-master/procesador3/procesador3/Alu.vhd" \
      EN work/Alu 1508239077
FL "C:/Users/utp/Downloads/Nueva carpeta/ArqComp2_2017-master/procesador3/procesador3/IM.vhd" 2017/10/16.22:01:46 P.20131013
FL "C:/Users/utp/Downloads/Nueva carpeta/ArqComp2_2017-master/procesador3/procesador3/nexPC.vhd" 2017/10/16.22:01:46 P.20131013
EN work/nextProgramCounter 1508239061 \
      FL "C:/Users/utp/Downloads/Nueva carpeta/ArqComp2_2017-master/procesador3/procesador3/nexPC.vhd" \
      PB ieee/std_logic_1164 1381692176
AR work/nextProgramCounter/Behavioral 1508239062 \
      FL "C:/Users/utp/Downloads/Nueva carpeta/ArqComp2_2017-master/procesador3/procesador3/nexPC.vhd" \
      EN work/nextProgramCounter 1508239061
FL "C:/Users/utp/Downloads/Nueva carpeta/ArqComp2_2017-master/procesador3/procesador3/procesador2.vhd" 2017/10/17.06:17:18 P.20131013
EN work/Procesador2 1508239079 \
      FL "C:/Users/utp/Downloads/Nueva carpeta/ArqComp2_2017-master/procesador3/procesador3/procesador2.vhd" \
      PB ieee/std_logic_1164 1381692176 PB ieee/STD_LOGIC_UNSIGNED 1381692179
AR work/procesador2/Behavioral 1508239080 \
      FL "C:/Users/utp/Downloads/Nueva carpeta/ArqComp2_2017-master/procesador3/procesador3/procesador2.vhd" \
      EN work/Procesador2 1508239079 CP sumador CP nextProgramCounter \
      CP instructionMemory CP U_control CP resgisterfile CP Mux CP SEU CP PSRmd CP PSR \
      CP Alu
FL "C:/Users/utp/Downloads/Nueva carpeta/ArqComp2_2017-master/procesador3/procesador3/PSR.vhd" 2017/10/17.05:25:57 P.20131013
EN work/PSR 1508239075 \
      FL "C:/Users/utp/Downloads/Nueva carpeta/ArqComp2_2017-master/procesador3/procesador3/PSR.vhd" \
      PB ieee/std_logic_1164 1381692176
AR work/PSR/Behavioral 1508239076 \
      FL "C:/Users/utp/Downloads/Nueva carpeta/ArqComp2_2017-master/procesador3/procesador3/PSR.vhd" \
      EN work/PSR 1508239075
FL "C:/Users/utp/Downloads/Nueva carpeta/ArqComp2_2017-master/procesador3/procesador3/PSRmd.vhd" 2017/10/17.06:00:22 P.20131013
EN work/PSRmd 1508239073 \
      FL "C:/Users/utp/Downloads/Nueva carpeta/ArqComp2_2017-master/procesador3/procesador3/PSRmd.vhd" \
      PB ieee/std_logic_1164 1381692176
AR work/PSRmd/Behavioral 1508239074 \
      FL "C:/Users/utp/Downloads/Nueva carpeta/ArqComp2_2017-master/procesador3/procesador3/PSRmd.vhd" \
      EN work/PSRmd 1508239073
FL "C:/Users/utp/Downloads/Nueva carpeta/ArqComp2_2017-master/procesador3/procesador3/remote_sources/_/_/_/_/Downloads/Nueva carpeta (3)/ArqComp2-2017-master/procesador2/MUX.vhd" 2017/10/16.22:01:46 P.20131013
EN work/Mux 1508239069 \
      FL "C:/Users/utp/Downloads/Nueva carpeta/ArqComp2_2017-master/procesador3/procesador3/remote_sources/_/_/_/_/Downloads/Nueva carpeta (3)/ArqComp2-2017-master/procesador2/MUX.vhd" \
      PB ieee/std_logic_1164 1381692176
AR work/Mux/Behavioral 1508239070 \
      FL "C:/Users/utp/Downloads/Nueva carpeta/ArqComp2_2017-master/procesador3/procesador3/remote_sources/_/_/_/_/Downloads/Nueva carpeta (3)/ArqComp2-2017-master/procesador2/MUX.vhd" \
      EN work/Mux 1508239069
FL "C:/Users/utp/Downloads/Nueva carpeta/ArqComp2_2017-master/procesador3/procesador3/resgisterfile.vhd" 2017/10/16.22:01:46 P.20131013
EN work/resgisterfile 1508239067 \
      FL "C:/Users/utp/Downloads/Nueva carpeta/ArqComp2_2017-master/procesador3/procesador3/resgisterfile.vhd" \
      PB ieee/std_logic_1164 1381692176 PB ieee/STD_LOGIC_UNSIGNED 1381692179
AR work/resgisterfile/Behavioral 1508239068 \
      FL "C:/Users/utp/Downloads/Nueva carpeta/ArqComp2_2017-master/procesador3/procesador3/resgisterfile.vhd" \
      EN work/resgisterfile 1508239067
FL "C:/Users/utp/Downloads/Nueva carpeta/ArqComp2_2017-master/procesador3/procesador3/SEU.vhd" 2017/10/16.22:01:46 P.20131013
EN work/SEU 1508239071 \
      FL "C:/Users/utp/Downloads/Nueva carpeta/ArqComp2_2017-master/procesador3/procesador3/SEU.vhd" \
      PB ieee/std_logic_1164 1381692176
AR work/SEU/Behavioral 1508239072 \
      FL "C:/Users/utp/Downloads/Nueva carpeta/ArqComp2_2017-master/procesador3/procesador3/SEU.vhd" \
      EN work/SEU 1508239071
FL "C:/Users/utp/Downloads/Nueva carpeta/ArqComp2_2017-master/procesador3/procesador3/sumador.vhd" 2017/10/16.22:01:46 P.20131013
EN work/sumador 1508239059 \
      FL "C:/Users/utp/Downloads/Nueva carpeta/ArqComp2_2017-master/procesador3/procesador3/sumador.vhd" \
      PB ieee/std_logic_1164 1381692176 PB ieee/STD_LOGIC_UNSIGNED 1381692179
AR work/sumador/Behavioral 1508239060 \
      FL "C:/Users/utp/Downloads/Nueva carpeta/ArqComp2_2017-master/procesador3/procesador3/sumador.vhd" \
      EN work/sumador 1508239059
FL "C:/Users/utp/Downloads/Nueva carpeta/ArqComp2_2017-master/procesador3/procesador3/U_control.vhd" 2017/10/17.05:44:44 P.20131013
EN work/U_control 1508239065 \
      FL "C:/Users/utp/Downloads/Nueva carpeta/ArqComp2_2017-master/procesador3/procesador3/U_control.vhd" \
      PB ieee/std_logic_1164 1381692176
AR work/U_control/Behavioral 1508239066 \
      FL "C:/Users/utp/Downloads/Nueva carpeta/ArqComp2_2017-master/procesador3/procesador3/U_control.vhd" \
      EN work/U_control 1508239065
FL E:/procesador1/Alu.vhd 2017/10/02.17:54:42 P.20131013
FL F:/procesador1/Alu.vhd 2017/10/02.23:26:44 P.20131013
FL F:/procesador1/IM.vhd 2017/10/02.20:29:04 P.20131013
FL F:/procesador1/ProgramCounter.vhd 2017/10/02.19:44:28 P.20131013
FL F:/procesador1/RegisterFile.vhd 2017/10/02.19:43:24 P.20131013
EN work/RegisterFile 0 FL F:/procesador1/RegisterFile.vhd PB ieee/std_logic_1164 1381692176
AR work/RegisterFile/Behavioral 0 \
      FL F:/procesador1/RegisterFile.vhd EN work/RegisterFile 0
FL F:/procesador1/resgisterfile.vhd 2017/10/02.20:58:02 P.20131013
FL F:/procesador1/sumador.vhd 2017/10/02.20:15:06 P.20131013
FL F:/procesador1/U_control.vhd 2017/10/02.21:29:08 P.20131013
