AR programcounter behavioral C:/Users/manuel/Desktop/ArqComp2-2017/ArqComp2_2017/procesador1/ProgramCounter.vhd sub00/vhpl02 1507651339
EN resgisterfile NULL C:/Users/manuel/Desktop/ArqComp2-2017/ArqComp2_2017/procesador1/resgisterfile.vhd sub00/vhpl08 1507651355
AR instructionmemory arqinstructionmemory C:/Users/manuel/Desktop/ArqComp2-2017/ArqComp2_2017/procesador1/IM.vhd sub00/vhpl07 1507652297
AR procesador2 arq_procesador2 C:/Users/manuel/Desktop/ArqComp2-2017/procesador1/Procesador2.vhd sub00/vhpl18 1507646229
AR mux behavioral C:/Users/manuel/Desktop/ArqComp2-2017/ArqComp2_2017/procesador1/Mux.vhd sub00/vhpl16 1507651328
EN seu NULL C:/Users/manuel/Desktop/ArqComp2-2017/procesador1/SEU.vhd sub00/vhpl13 1507646224
AR seu behavioral C:/Users/manuel/Desktop/ArqComp2-2017/procesador1/SEU.vhd sub00/vhpl14 1507646225
AR sumador behavioral "C:/Users/manuel/Downloads/Nueva carpeta (3)/ArqComp2-2017-master/procesador1/sumador.vhd" sub00/vhpl05 1507652661
EN procesador2 NULL C:/Users/manuel/Desktop/ArqComp2-2017/procesador1/Procesador2.vhd sub00/vhpl17 1507646228
EN programcounter NULL C:/Users/manuel/Desktop/ArqComp2-2017/ArqComp2_2017/procesador1/ProgramCounter.vhd sub00/vhpl01 1507651338
EN instructionmemory NULL C:/Users/manuel/Desktop/ArqComp2-2017/ArqComp2_2017/procesador1/IM.vhd sub00/vhpl06 1507652296
EN mux NULL C:/Users/manuel/Desktop/ArqComp2-2017/ArqComp2_2017/procesador1/Mux.vhd sub00/vhpl15 1507651327
AR alu behavioral C:/Users/manuel/Desktop/ArqComp2-2017/ArqComp2_2017/procesador1/Alu.vhd sub00/vhpl12 1507651318
EN u_control NULL C:/Users/manuel/Desktop/ArqComp2-2017/ArqComp2_2017/procesador1/U_control.vhd sub00/vhpl10 1507651345
EN sumador NULL "C:/Users/manuel/Downloads/Nueva carpeta (3)/ArqComp2-2017-master/procesador1/sumador.vhd" sub00/vhpl04 1507652660
AR u_control behavioral C:/Users/manuel/Desktop/ArqComp2-2017/ArqComp2_2017/procesador1/U_control.vhd sub00/vhpl11 1507651346
EN registerfile NULL F:/procesador1/RegisterFile.vhd sub00/vhpl03 1506992621
EN alu NULL C:/Users/manuel/Desktop/ArqComp2-2017/ArqComp2_2017/procesador1/Alu.vhd sub00/vhpl00 1507651317
AR resgisterfile behavioral C:/Users/manuel/Desktop/ArqComp2-2017/ArqComp2_2017/procesador1/resgisterfile.vhd sub00/vhpl09 1507651356
