--------------------------------------------------------------------------------
Release 14.7 Trace  (nt64)
Copyright (c) 1995-2013 Xilinx, Inc.  All rights reserved.

C:\Xilinx\14.7\ISE_DS\ISE\bin\nt64\unwrapped\trce.exe -intstyle ise -v 3 -s 5
-n 3 -fastpaths -xml procesador2.twx procesador2.ncd -o procesador2.twr
procesador2.pcf

Design file:              procesador2.ncd
Physical constraint file: procesador2.pcf
Device,package,speed:     xc3s100e,vq100,-5 (PRODUCTION 1.27 2013-10-13)
Report level:             verbose report

Environment Variable      Effect 
--------------------      ------ 
NONE                      No environment variables were set
--------------------------------------------------------------------------------

INFO:Timing:2698 - No timing constraints found, doing default enumeration.
INFO:Timing:3412 - To improve timing, see the Timing Closure User Guide (UG612).
INFO:Timing:2752 - To get complete path coverage, use the unconstrained paths 
   option. All paths that are not constrained will be reported in the 
   unconstrained paths section(s) of the report.
INFO:Timing:3339 - The clock-to-out numbers in this timing report are based on 
   a 50 Ohm transmission line loading model.  For the details of this model, 
   and for more information on accounting for different loading conditions, 
   please see the device datasheet.
INFO:Timing:3390 - This architecture does not support a default System Jitter 
   value, please add SYSTEM_JITTER constraint to the UCF to modify the Clock 
   Uncertainty calculation.
INFO:Timing:3389 - This architecture does not support 'Discrete Jitter' and 
   'Phase Error' calculations, these terms will be zero in the Clock 
   Uncertainty calculation.  Please make appropriate modification to 
   SYSTEM_JITTER to account for the unsupported Discrete Jitter and Phase 
   Error.



Data Sheet report:
-----------------
All values displayed in nanoseconds (ns)

Clock clk to Pad
----------------+------------+------------------+--------+
                | clk (edge) |                  | Clock  |
Destination     |   to PAD   |Internal Clock(s) | Phase  |
----------------+------------+------------------+--------+
RFprocesador<0> |   15.620(R)|clk_BUFGP         |   0.000|
RFprocesador<1> |   15.744(R)|clk_BUFGP         |   0.000|
RFprocesador<2> |   16.168(R)|clk_BUFGP         |   0.000|
RFprocesador<3> |   18.021(R)|clk_BUFGP         |   0.000|
RFprocesador<4> |   17.858(R)|clk_BUFGP         |   0.000|
RFprocesador<5> |   18.137(R)|clk_BUFGP         |   0.000|
RFprocesador<6> |   17.410(R)|clk_BUFGP         |   0.000|
RFprocesador<7> |   18.413(R)|clk_BUFGP         |   0.000|
RFprocesador<8> |   17.745(R)|clk_BUFGP         |   0.000|
RFprocesador<9> |   18.034(R)|clk_BUFGP         |   0.000|
RFprocesador<10>|   18.736(R)|clk_BUFGP         |   0.000|
RFprocesador<11>|   18.301(R)|clk_BUFGP         |   0.000|
RFprocesador<12>|   18.110(R)|clk_BUFGP         |   0.000|
RFprocesador<13>|   18.430(R)|clk_BUFGP         |   0.000|
RFprocesador<14>|   18.482(R)|clk_BUFGP         |   0.000|
RFprocesador<15>|   19.352(R)|clk_BUFGP         |   0.000|
RFprocesador<16>|   18.818(R)|clk_BUFGP         |   0.000|
RFprocesador<17>|   18.506(R)|clk_BUFGP         |   0.000|
RFprocesador<18>|   18.327(R)|clk_BUFGP         |   0.000|
RFprocesador<19>|   18.415(R)|clk_BUFGP         |   0.000|
RFprocesador<20>|   18.385(R)|clk_BUFGP         |   0.000|
RFprocesador<21>|   19.328(R)|clk_BUFGP         |   0.000|
RFprocesador<22>|   18.416(R)|clk_BUFGP         |   0.000|
RFprocesador<23>|   19.747(R)|clk_BUFGP         |   0.000|
RFprocesador<24>|   19.235(R)|clk_BUFGP         |   0.000|
RFprocesador<25>|   19.256(R)|clk_BUFGP         |   0.000|
RFprocesador<26>|   19.215(R)|clk_BUFGP         |   0.000|
RFprocesador<27>|   19.033(R)|clk_BUFGP         |   0.000|
RFprocesador<28>|   18.592(R)|clk_BUFGP         |   0.000|
RFprocesador<29>|   18.902(R)|clk_BUFGP         |   0.000|
RFprocesador<30>|   18.642(R)|clk_BUFGP         |   0.000|
RFprocesador<31>|   19.284(R)|clk_BUFGP         |   0.000|
----------------+------------+------------------+--------+

Clock rst to Pad
----------------+------------+------------------------------------+--------+
                | clk (edge) |                                    | Clock  |
Destination     |   to PAD   |Internal Clock(s)                   | Phase  |
----------------+------------+------------------------------------+--------+
RFprocesador<0> |   15.437(F)|Inst_U_control/Salida_cmp_eq0000    |   0.000|
                |   19.468(F)|Inst_resgisterfile/rgs_16_cmp_eq0000|   0.000|
                |   19.965(F)|Inst_resgisterfile/rgs_17_cmp_eq0000|   0.000|
                |   20.374(F)|Inst_resgisterfile/rgs_1_cmp_eq0000 |   0.000|
RFprocesador<1> |   15.794(F)|Inst_U_control/Salida_cmp_eq0000    |   0.000|
                |   19.592(F)|Inst_resgisterfile/rgs_16_cmp_eq0000|   0.000|
                |   20.089(F)|Inst_resgisterfile/rgs_17_cmp_eq0000|   0.000|
                |   20.500(F)|Inst_resgisterfile/rgs_1_cmp_eq0000 |   0.000|
RFprocesador<2> |   16.690(F)|Inst_U_control/Salida_cmp_eq0000    |   0.000|
                |   20.016(F)|Inst_resgisterfile/rgs_16_cmp_eq0000|   0.000|
                |   20.513(F)|Inst_resgisterfile/rgs_17_cmp_eq0000|   0.000|
                |   20.924(F)|Inst_resgisterfile/rgs_1_cmp_eq0000 |   0.000|
RFprocesador<3> |   17.931(F)|Inst_U_control/Salida_cmp_eq0000    |   0.000|
                |   21.106(F)|Inst_resgisterfile/rgs_16_cmp_eq0000|   0.000|
                |   21.603(F)|Inst_resgisterfile/rgs_17_cmp_eq0000|   0.000|
                |   22.014(F)|Inst_resgisterfile/rgs_1_cmp_eq0000 |   0.000|
RFprocesador<4> |   17.551(F)|Inst_U_control/Salida_cmp_eq0000    |   0.000|
                |   20.489(F)|Inst_resgisterfile/rgs_16_cmp_eq0000|   0.000|
                |   20.999(F)|Inst_resgisterfile/rgs_17_cmp_eq0000|   0.000|
                |   21.751(F)|Inst_resgisterfile/rgs_1_cmp_eq0000 |   0.000|
RFprocesador<5> |   17.830(F)|Inst_U_control/Salida_cmp_eq0000    |   0.000|
                |   20.768(F)|Inst_resgisterfile/rgs_16_cmp_eq0000|   0.000|
                |   21.278(F)|Inst_resgisterfile/rgs_17_cmp_eq0000|   0.000|
                |   22.183(F)|Inst_resgisterfile/rgs_1_cmp_eq0000 |   0.000|
RFprocesador<6> |   17.088(F)|Inst_U_control/Salida_cmp_eq0000    |   0.000|
                |   20.035(F)|Inst_resgisterfile/rgs_16_cmp_eq0000|   0.000|
                |   20.544(F)|Inst_resgisterfile/rgs_17_cmp_eq0000|   0.000|
                |   21.678(F)|Inst_resgisterfile/rgs_1_cmp_eq0000 |   0.000|
RFprocesador<7> |   18.091(F)|Inst_U_control/Salida_cmp_eq0000    |   0.000|
                |   21.038(F)|Inst_resgisterfile/rgs_16_cmp_eq0000|   0.000|
                |   21.547(F)|Inst_resgisterfile/rgs_17_cmp_eq0000|   0.000|
                |   22.681(F)|Inst_resgisterfile/rgs_1_cmp_eq0000 |   0.000|
RFprocesador<8> |   17.423(F)|Inst_U_control/Salida_cmp_eq0000    |   0.000|
                |   20.370(F)|Inst_resgisterfile/rgs_16_cmp_eq0000|   0.000|
                |   20.879(F)|Inst_resgisterfile/rgs_17_cmp_eq0000|   0.000|
                |   22.013(F)|Inst_resgisterfile/rgs_1_cmp_eq0000 |   0.000|
RFprocesador<9> |   17.712(F)|Inst_U_control/Salida_cmp_eq0000    |   0.000|
                |   20.659(F)|Inst_resgisterfile/rgs_16_cmp_eq0000|   0.000|
                |   21.168(F)|Inst_resgisterfile/rgs_17_cmp_eq0000|   0.000|
                |   22.302(F)|Inst_resgisterfile/rgs_1_cmp_eq0000 |   0.000|
RFprocesador<10>|   18.414(F)|Inst_U_control/Salida_cmp_eq0000    |   0.000|
                |   21.361(F)|Inst_resgisterfile/rgs_16_cmp_eq0000|   0.000|
                |   21.870(F)|Inst_resgisterfile/rgs_17_cmp_eq0000|   0.000|
                |   23.004(F)|Inst_resgisterfile/rgs_1_cmp_eq0000 |   0.000|
RFprocesador<11>|   17.979(F)|Inst_U_control/Salida_cmp_eq0000    |   0.000|
                |   20.926(F)|Inst_resgisterfile/rgs_16_cmp_eq0000|   0.000|
                |   21.435(F)|Inst_resgisterfile/rgs_17_cmp_eq0000|   0.000|
                |   22.569(F)|Inst_resgisterfile/rgs_1_cmp_eq0000 |   0.000|
RFprocesador<12>|   17.788(F)|Inst_U_control/Salida_cmp_eq0000    |   0.000|
                |   20.735(F)|Inst_resgisterfile/rgs_16_cmp_eq0000|   0.000|
                |   21.244(F)|Inst_resgisterfile/rgs_17_cmp_eq0000|   0.000|
                |   22.378(F)|Inst_resgisterfile/rgs_1_cmp_eq0000 |   0.000|
RFprocesador<13>|   18.108(F)|Inst_U_control/Salida_cmp_eq0000    |   0.000|
                |   21.055(F)|Inst_resgisterfile/rgs_16_cmp_eq0000|   0.000|
                |   21.564(F)|Inst_resgisterfile/rgs_17_cmp_eq0000|   0.000|
                |   22.698(F)|Inst_resgisterfile/rgs_1_cmp_eq0000 |   0.000|
RFprocesador<14>|   18.160(F)|Inst_U_control/Salida_cmp_eq0000    |   0.000|
                |   21.107(F)|Inst_resgisterfile/rgs_16_cmp_eq0000|   0.000|
                |   21.616(F)|Inst_resgisterfile/rgs_17_cmp_eq0000|   0.000|
                |   22.750(F)|Inst_resgisterfile/rgs_1_cmp_eq0000 |   0.000|
RFprocesador<15>|   19.030(F)|Inst_U_control/Salida_cmp_eq0000    |   0.000|
                |   21.977(F)|Inst_resgisterfile/rgs_16_cmp_eq0000|   0.000|
                |   22.486(F)|Inst_resgisterfile/rgs_17_cmp_eq0000|   0.000|
                |   23.620(F)|Inst_resgisterfile/rgs_1_cmp_eq0000 |   0.000|
RFprocesador<16>|   18.496(F)|Inst_U_control/Salida_cmp_eq0000    |   0.000|
                |   21.443(F)|Inst_resgisterfile/rgs_16_cmp_eq0000|   0.000|
                |   21.952(F)|Inst_resgisterfile/rgs_17_cmp_eq0000|   0.000|
                |   23.086(F)|Inst_resgisterfile/rgs_1_cmp_eq0000 |   0.000|
RFprocesador<17>|   18.184(F)|Inst_U_control/Salida_cmp_eq0000    |   0.000|
                |   21.131(F)|Inst_resgisterfile/rgs_16_cmp_eq0000|   0.000|
                |   21.640(F)|Inst_resgisterfile/rgs_17_cmp_eq0000|   0.000|
                |   22.774(F)|Inst_resgisterfile/rgs_1_cmp_eq0000 |   0.000|
RFprocesador<18>|   18.005(F)|Inst_U_control/Salida_cmp_eq0000    |   0.000|
                |   20.952(F)|Inst_resgisterfile/rgs_16_cmp_eq0000|   0.000|
                |   21.461(F)|Inst_resgisterfile/rgs_17_cmp_eq0000|   0.000|
                |   22.595(F)|Inst_resgisterfile/rgs_1_cmp_eq0000 |   0.000|
RFprocesador<19>|   18.093(F)|Inst_U_control/Salida_cmp_eq0000    |   0.000|
                |   21.040(F)|Inst_resgisterfile/rgs_16_cmp_eq0000|   0.000|
                |   21.549(F)|Inst_resgisterfile/rgs_17_cmp_eq0000|   0.000|
                |   22.683(F)|Inst_resgisterfile/rgs_1_cmp_eq0000 |   0.000|
RFprocesador<20>|   18.063(F)|Inst_U_control/Salida_cmp_eq0000    |   0.000|
                |   21.010(F)|Inst_resgisterfile/rgs_16_cmp_eq0000|   0.000|
                |   21.519(F)|Inst_resgisterfile/rgs_17_cmp_eq0000|   0.000|
                |   22.653(F)|Inst_resgisterfile/rgs_1_cmp_eq0000 |   0.000|
RFprocesador<21>|   19.006(F)|Inst_U_control/Salida_cmp_eq0000    |   0.000|
                |   21.953(F)|Inst_resgisterfile/rgs_16_cmp_eq0000|   0.000|
                |   22.462(F)|Inst_resgisterfile/rgs_17_cmp_eq0000|   0.000|
                |   23.596(F)|Inst_resgisterfile/rgs_1_cmp_eq0000 |   0.000|
RFprocesador<22>|   18.094(F)|Inst_U_control/Salida_cmp_eq0000    |   0.000|
                |   21.041(F)|Inst_resgisterfile/rgs_16_cmp_eq0000|   0.000|
                |   21.550(F)|Inst_resgisterfile/rgs_17_cmp_eq0000|   0.000|
                |   22.684(F)|Inst_resgisterfile/rgs_1_cmp_eq0000 |   0.000|
RFprocesador<23>|   19.425(F)|Inst_U_control/Salida_cmp_eq0000    |   0.000|
                |   22.372(F)|Inst_resgisterfile/rgs_16_cmp_eq0000|   0.000|
                |   22.881(F)|Inst_resgisterfile/rgs_17_cmp_eq0000|   0.000|
                |   24.015(F)|Inst_resgisterfile/rgs_1_cmp_eq0000 |   0.000|
RFprocesador<24>|   18.913(F)|Inst_U_control/Salida_cmp_eq0000    |   0.000|
                |   21.860(F)|Inst_resgisterfile/rgs_16_cmp_eq0000|   0.000|
                |   22.369(F)|Inst_resgisterfile/rgs_17_cmp_eq0000|   0.000|
                |   23.503(F)|Inst_resgisterfile/rgs_1_cmp_eq0000 |   0.000|
RFprocesador<25>|   18.934(F)|Inst_U_control/Salida_cmp_eq0000    |   0.000|
                |   21.881(F)|Inst_resgisterfile/rgs_16_cmp_eq0000|   0.000|
                |   22.390(F)|Inst_resgisterfile/rgs_17_cmp_eq0000|   0.000|
                |   23.524(F)|Inst_resgisterfile/rgs_1_cmp_eq0000 |   0.000|
RFprocesador<26>|   18.893(F)|Inst_U_control/Salida_cmp_eq0000    |   0.000|
                |   21.840(F)|Inst_resgisterfile/rgs_16_cmp_eq0000|   0.000|
                |   22.349(F)|Inst_resgisterfile/rgs_17_cmp_eq0000|   0.000|
                |   23.483(F)|Inst_resgisterfile/rgs_1_cmp_eq0000 |   0.000|
RFprocesador<27>|   18.711(F)|Inst_U_control/Salida_cmp_eq0000    |   0.000|
                |   21.658(F)|Inst_resgisterfile/rgs_16_cmp_eq0000|   0.000|
                |   22.167(F)|Inst_resgisterfile/rgs_17_cmp_eq0000|   0.000|
                |   23.301(F)|Inst_resgisterfile/rgs_1_cmp_eq0000 |   0.000|
RFprocesador<28>|   18.264(F)|Inst_U_control/Salida_cmp_eq0000    |   0.000|
                |   21.211(F)|Inst_resgisterfile/rgs_16_cmp_eq0000|   0.000|
                |   21.720(F)|Inst_resgisterfile/rgs_17_cmp_eq0000|   0.000|
                |   22.854(F)|Inst_resgisterfile/rgs_1_cmp_eq0000 |   0.000|
RFprocesador<29>|   18.574(F)|Inst_U_control/Salida_cmp_eq0000    |   0.000|
                |   21.521(F)|Inst_resgisterfile/rgs_16_cmp_eq0000|   0.000|
                |   22.030(F)|Inst_resgisterfile/rgs_17_cmp_eq0000|   0.000|
                |   23.164(F)|Inst_resgisterfile/rgs_1_cmp_eq0000 |   0.000|
RFprocesador<30>|   18.314(F)|Inst_U_control/Salida_cmp_eq0000    |   0.000|
                |   21.261(F)|Inst_resgisterfile/rgs_16_cmp_eq0000|   0.000|
                |   21.770(F)|Inst_resgisterfile/rgs_17_cmp_eq0000|   0.000|
                |   22.904(F)|Inst_resgisterfile/rgs_1_cmp_eq0000 |   0.000|
RFprocesador<31>|   18.956(F)|Inst_U_control/Salida_cmp_eq0000    |   0.000|
                |   21.903(F)|Inst_resgisterfile/rgs_16_cmp_eq0000|   0.000|
                |   22.412(F)|Inst_resgisterfile/rgs_17_cmp_eq0000|   0.000|
                |   23.546(F)|Inst_resgisterfile/rgs_1_cmp_eq0000 |   0.000|
----------------+------------+------------------------------------+--------+

Clock to Setup on destination clock clk
---------------+---------+---------+---------+---------+
               | Src:Rise| Src:Fall| Src:Rise| Src:Fall|
Source Clock   |Dest:Rise|Dest:Rise|Dest:Fall|Dest:Fall|
---------------+---------+---------+---------+---------+
clk            |    2.862|         |         |         |
---------------+---------+---------+---------+---------+

Clock to Setup on destination clock rst
---------------+---------+---------+---------+---------+
               | Src:Rise| Src:Fall| Src:Rise| Src:Fall|
Source Clock   |Dest:Rise|Dest:Rise|Dest:Fall|Dest:Fall|
---------------+---------+---------+---------+---------+
clk            |         |         |   13.571|         |
rst            |         |         |    9.223|   10.500|
---------------+---------+---------+---------+---------+

Pad to Pad
---------------+----------------+---------+
Source Pad     |Destination Pad |  Delay  |
---------------+----------------+---------+
rst            |RFprocesador<0> |   14.695|
rst            |RFprocesador<1> |   14.819|
rst            |RFprocesador<2> |   15.243|
rst            |RFprocesador<3> |   17.096|
rst            |RFprocesador<4> |   16.933|
rst            |RFprocesador<5> |   17.212|
rst            |RFprocesador<6> |   16.485|
rst            |RFprocesador<7> |   17.488|
rst            |RFprocesador<8> |   16.820|
rst            |RFprocesador<9> |   17.109|
rst            |RFprocesador<10>|   17.811|
rst            |RFprocesador<11>|   17.376|
rst            |RFprocesador<12>|   17.185|
rst            |RFprocesador<13>|   17.505|
rst            |RFprocesador<14>|   17.557|
rst            |RFprocesador<15>|   18.427|
rst            |RFprocesador<16>|   17.893|
rst            |RFprocesador<17>|   17.581|
rst            |RFprocesador<18>|   17.402|
rst            |RFprocesador<19>|   17.490|
rst            |RFprocesador<20>|   17.460|
rst            |RFprocesador<21>|   18.403|
rst            |RFprocesador<22>|   17.491|
rst            |RFprocesador<23>|   18.822|
rst            |RFprocesador<24>|   18.310|
rst            |RFprocesador<25>|   18.331|
rst            |RFprocesador<26>|   18.290|
rst            |RFprocesador<27>|   18.108|
rst            |RFprocesador<28>|   17.667|
rst            |RFprocesador<29>|   17.977|
rst            |RFprocesador<30>|   17.717|
rst            |RFprocesador<31>|   18.359|
---------------+----------------+---------+


Analysis completed Tue Oct 10 15:53:05 2017 
--------------------------------------------------------------------------------

Trace Settings:
-------------------------
Trace Settings 

Peak Memory Usage: 178 MB



