V3 3
FL C:/Users/manuel/Desktop/ArqComp2-2017/ArqComp2_2017/procesador3/IM.vhd 2017/10/23.19:02:38 P.20131013
EN work/instructionMemory 1508803367 \
      FL C:/Users/manuel/Desktop/ArqComp2-2017/ArqComp2_2017/procesador3/IM.vhd \
      PB ieee/std_logic_1164 1381692176 PB ieee/STD_LOGIC_UNSIGNED 1381692179 \
      PB std/TEXTIO 1381692176
AR work/instructionMemory/arqInstructionMemory 1508803368 \
      FL C:/Users/manuel/Desktop/ArqComp2-2017/ArqComp2_2017/procesador3/IM.vhd \
      EN work/instructionMemory 1508803367
