V3 9
FL C:/Users/manuel/Desktop/ArqComp2-2017/ArqComp2_2017/procesador4/IM.vhd 2017/10/31.19:36:57 P.20131013
EN work/instructionMemory 1509496627 \
      FL C:/Users/manuel/Desktop/ArqComp2-2017/ArqComp2_2017/procesador4/IM.vhd \
      PB ieee/std_logic_1164 1381692176 PB ieee/STD_LOGIC_UNSIGNED 1381692179 \
      PB std/TEXTIO 1381692176
AR work/instructionMemory/arqInstructionMemory 1509496628 \
      FL C:/Users/manuel/Desktop/ArqComp2-2017/ArqComp2_2017/procesador4/IM.vhd \
      EN work/instructionMemory 1509496627
FL C:/Users/manuel/Desktop/ArqComp2-2017/ArqComp2_2017/procesador4/PSR.vhd 2017/10/31.16:11:31 P.20131013
EN work/PSR 1509496916 \
      FL C:/Users/manuel/Desktop/ArqComp2-2017/ArqComp2_2017/procesador4/PSR.vhd \
      PB ieee/std_logic_1164 1381692176 PB ieee/std_logic_arith 1381692177 \
      PB ieee/STD_LOGIC_UNSIGNED 1381692179
AR work/PSR/Behavioral 1509496917 \
      FL C:/Users/manuel/Desktop/ArqComp2-2017/ArqComp2_2017/procesador4/PSR.vhd \
      EN work/PSR 1509496916
FL C:/Users/manuel/Desktop/ArqComp2-2017/ArqComp2_2017/procesador4/windows_manager.vhd 2017/10/31.19:22:40 P.20131013
EN work/winmanager 1509495766 \
      FL C:/Users/manuel/Desktop/ArqComp2-2017/ArqComp2_2017/procesador4/windows_manager.vhd \
      PB ieee/std_logic_1164 1381692176 PB ieee/STD_LOGIC_UNSIGNED 1381692179 \
      PB ieee/std_logic_arith 1381692177
AR work/winmanager/Behavioral 1509495767 \
      FL C:/Users/manuel/Desktop/ArqComp2-2017/ArqComp2_2017/procesador4/windows_manager.vhd \
      EN work/winmanager 1509495766
