AR programcounter behavioral C:/Users/manuel/Desktop/proyecto_procesador/procesador1/ProgramCounter.vhd sub00/vhpl02 1507599071
EN resgisterfile NULL C:/Users/manuel/Desktop/proyecto_procesador/procesador1/resgisterfile.vhd sub00/vhpl08 1507593089
AR instructionmemory arqinstructionmemory C:/Users/manuel/Desktop/proyecto_procesador/procesador1/IM.vhd sub00/vhpl07 1507599501
AR procesador2 arq_procesador2 C:/Users/manuel/Desktop/proyecto_procesador/procesador1/Procesador2.vhd sub00/vhpl18 1507593098
AR mux behavioral C:/Users/manuel/Desktop/proyecto_procesador/procesador1/Mux.vhd sub00/vhpl16 1507593092
EN seu NULL C:/Users/manuel/Desktop/proyecto_procesador/procesador1/SEU.vhd sub00/vhpl13 1507593093
AR seu behavioral C:/Users/manuel/Desktop/proyecto_procesador/procesador1/SEU.vhd sub00/vhpl14 1507593094
AR sumador behavioral C:/Users/manuel/Desktop/proyecto_procesador/procesador1/sumador.vhd sub00/vhpl05 1507599069
EN procesador2 NULL C:/Users/manuel/Desktop/proyecto_procesador/procesador1/Procesador2.vhd sub00/vhpl17 1507593097
EN programcounter NULL C:/Users/manuel/Desktop/proyecto_procesador/procesador1/ProgramCounter.vhd sub00/vhpl01 1507599070
EN instructionmemory NULL C:/Users/manuel/Desktop/proyecto_procesador/procesador1/IM.vhd sub00/vhpl06 1507599500
EN mux NULL C:/Users/manuel/Desktop/proyecto_procesador/procesador1/Mux.vhd sub00/vhpl15 1507593091
AR alu behavioral C:/Users/manuel/Desktop/proyecto_procesador/procesador1/Alu.vhd sub00/vhpl12 1507593096
EN u_control NULL C:/Users/manuel/Desktop/proyecto_procesador/procesador1/U_control.vhd sub00/vhpl10 1507593087
EN sumador NULL C:/Users/manuel/Desktop/proyecto_procesador/procesador1/sumador.vhd sub00/vhpl04 1507599068
AR u_control behavioral C:/Users/manuel/Desktop/proyecto_procesador/procesador1/U_control.vhd sub00/vhpl11 1507593088
EN registerfile NULL F:/procesador1/RegisterFile.vhd sub00/vhpl03 1506992621
EN alu NULL C:/Users/manuel/Desktop/proyecto_procesador/procesador1/Alu.vhd sub00/vhpl00 1507593095
AR resgisterfile behavioral C:/Users/manuel/Desktop/proyecto_procesador/procesador1/resgisterfile.vhd sub00/vhpl09 1507593090
