V3 45
FL C:/Users/manuel/Desktop/proyecto_procesador/procesador1/Alu.vhd 2017/10/03.15:50:49 P.20131013
EN work/Alu 1507593095 \
      FL C:/Users/manuel/Desktop/proyecto_procesador/procesador1/Alu.vhd \
      PB ieee/std_logic_1164 1381692176 PB ieee/STD_LOGIC_UNSIGNED 1381692179
AR work/Alu/Behavioral 1507593096 \
      FL C:/Users/manuel/Desktop/proyecto_procesador/procesador1/Alu.vhd \
      EN work/Alu 1507593095
FL C:/Users/manuel/Desktop/proyecto_procesador/procesador1/IM.vhd 2017/10/09.20:38:16 P.20131013
EN work/instructionMemory 1507599500 \
      FL C:/Users/manuel/Desktop/proyecto_procesador/procesador1/IM.vhd \
      PB ieee/std_logic_1164 1381692176 PB ieee/STD_LOGIC_UNSIGNED 1381692179 \
      PB std/TEXTIO 1381692176
AR work/instructionMemory/arqInstructionMemory 1507599501 \
      FL C:/Users/manuel/Desktop/proyecto_procesador/procesador1/IM.vhd \
      EN work/instructionMemory 1507599500
FL C:/Users/manuel/Desktop/proyecto_procesador/procesador1/Mux.vhd 2017/10/09.09:29:39 P.20131013
EN work/Mux 1507593091 \
      FL C:/Users/manuel/Desktop/proyecto_procesador/procesador1/Mux.vhd \
      PB ieee/std_logic_1164 1381692176
AR work/Mux/Behavioral 1507593092 \
      FL C:/Users/manuel/Desktop/proyecto_procesador/procesador1/Mux.vhd \
      EN work/Mux 1507593091
FL C:/Users/manuel/Desktop/proyecto_procesador/procesador1/Procesador2.vhd 2017/10/09.13:58:15 P.20131013
EN work/Procesador2 1507593097 \
      FL C:/Users/manuel/Desktop/proyecto_procesador/procesador1/Procesador2.vhd \
      PB ieee/std_logic_1164 1381692176
AR work/Procesador2/arq_procesador2 1507593098 \
      FL C:/Users/manuel/Desktop/proyecto_procesador/procesador1/Procesador2.vhd \
      EN work/Procesador2 1507593097 CP sumador CP ProgramCounter \
      CP instructionMemory CP U_control CP resgisterfile CP Mux CP SEU CP Alu
FL C:/Users/manuel/Desktop/proyecto_procesador/procesador1/ProgramCounter.vhd 2017/10/02.19:44:28 P.20131013
EN work/ProgramCounter 1507599070 \
      FL C:/Users/manuel/Desktop/proyecto_procesador/procesador1/ProgramCounter.vhd \
      PB ieee/std_logic_1164 1381692176
AR work/ProgramCounter/Behavioral 1507599071 \
      FL C:/Users/manuel/Desktop/proyecto_procesador/procesador1/ProgramCounter.vhd \
      EN work/ProgramCounter 1507599070
FL C:/Users/manuel/Desktop/proyecto_procesador/procesador1/resgisterfile.vhd 2017/10/09.08:47:48 P.20131013
EN work/resgisterfile 1507593089 \
      FL C:/Users/manuel/Desktop/proyecto_procesador/procesador1/resgisterfile.vhd \
      PB ieee/std_logic_1164 1381692176 PB ieee/STD_LOGIC_UNSIGNED 1381692179
AR work/resgisterfile/Behavioral 1507593090 \
      FL C:/Users/manuel/Desktop/proyecto_procesador/procesador1/resgisterfile.vhd \
      EN work/resgisterfile 1507593089
FL C:/Users/manuel/Desktop/proyecto_procesador/procesador1/SEU.vhd 2017/10/05.19:46:09 P.20131013
EN work/SEU 1507593093 \
      FL C:/Users/manuel/Desktop/proyecto_procesador/procesador1/SEU.vhd \
      PB ieee/std_logic_1164 1381692176
AR work/SEU/Behavioral 1507593094 \
      FL C:/Users/manuel/Desktop/proyecto_procesador/procesador1/SEU.vhd \
      EN work/SEU 1507593093
FL C:/Users/manuel/Desktop/proyecto_procesador/procesador1/sumador.vhd 2017/10/02.20:15:06 P.20131013
EN work/sumador 1507599068 \
      FL C:/Users/manuel/Desktop/proyecto_procesador/procesador1/sumador.vhd \
      PB ieee/std_logic_1164 1381692176 PB ieee/NUMERIC_STD 1381692181
AR work/sumador/Behavioral 1507599069 \
      FL C:/Users/manuel/Desktop/proyecto_procesador/procesador1/sumador.vhd \
      EN work/sumador 1507599068
FL C:/Users/manuel/Desktop/proyecto_procesador/procesador1/U_control.vhd 2017/10/02.21:29:08 P.20131013
EN work/U_control 1507593087 \
      FL C:/Users/manuel/Desktop/proyecto_procesador/procesador1/U_control.vhd \
      PB ieee/std_logic_1164 1381692176
AR work/U_control/Behavioral 1507593088 \
      FL C:/Users/manuel/Desktop/proyecto_procesador/procesador1/U_control.vhd \
      EN work/U_control 1507593087
FL E:/procesador1/Alu.vhd 2017/10/02.17:54:42 P.20131013
FL F:/procesador1/Alu.vhd 2017/10/02.23:26:44 P.20131013
FL F:/procesador1/IM.vhd 2017/10/02.20:29:04 P.20131013
FL F:/procesador1/ProgramCounter.vhd 2017/10/02.19:44:28 P.20131013
FL F:/procesador1/RegisterFile.vhd 2017/10/02.19:43:24 P.20131013
EN work/RegisterFile 0 FL F:/procesador1/RegisterFile.vhd PB ieee/std_logic_1164 1381692176
AR work/RegisterFile/Behavioral 0 \
      FL F:/procesador1/RegisterFile.vhd EN work/RegisterFile 0
FL F:/procesador1/resgisterfile.vhd 2017/10/02.20:58:02 P.20131013
FL F:/procesador1/sumador.vhd 2017/10/02.20:15:06 P.20131013
FL F:/procesador1/U_control.vhd 2017/10/02.21:29:08 P.20131013
